C:\Users\missi\Desktop\shareme>cd server

C:\Users\missi\Desktop\shareme\server>npm install -g @sanity/cli                                                           tectors Completed in 315ms
[#######...........] \ idealTree:@vercel/fs-detectors: timing idealTree:node_modules/@sanity/cli/node_modules/@vercel/fs-de[#######...........] \ idealTree:@vercel/fs-detectors: timing idealTree:node_modules/@sanity/cli/node_modules/@vercel/fs-de[#######...........] \ idealTree:@vercel/fs-detectors: timing idealTree:node_modules/@sanity/cli/node_modules/@vercel/fs-de[#######...........] / idealTree:chalk: sill placeDep node_modules/@sanity/cli supports-color@7.2.0 OK for: chalk@4.1.2 wan[#######...........] / idealTree:chalk: sill placeDep node_modules/@sanity/cli supports-color@7.2.0 OK for: chalk@4.1.2 wan[#######...........] / idealTree:chalk: sill placeDep node_modules/@sanity/cli supports-color@7.2.0 OK for: chalk@4.1.2 wan[#######...........] / idealTree:chalk: sill placeDep node_modules/@sanity/cli supports-color@7.2.0 OK for: chalk@4.1.2 wan[#######...........] / idealTree:chalk: sill placeDep node_modules/@sanity/cli supports-color@7.2.0 OK for: chalk@4.1.2 wan[#######...........] - idealTree:chalk: sill placeDep node_modules/@sanity/cli supports-color@7.2.0 OK for: chalk@4.1.2 wan[#######...........] - idealTree:chalk: sill placeDep node_modules/@sanity/cli supports-color@7.2.0 OK for: chalk@4.1.2 wan[#######...........] - idealTree:chalk: sill placeDep node_modules/@sanity/cli supports-color@7.2.0 OK for: chalk@4.1.2 wan[#######...........] - idealTree:chalk: sill placeDep node_modules/@sanity/cli supports-color@7.2.0 OK for: chalk@4.1.2 wan[#######...........] | idealTree:chalk: sill placeDep node_modules/@sanity/cli supports-color@7.2.0 OK for: chalk@4.1.2 wan[#######...........] | idealTree:chalk: sill placeDep node_modules/@sanity/cli supports-color@7.2.0 OK for: chalk@4.1.2 wan[#######...........] | idealTree:chalk: sill placeDep node_modules/@sanity/cli supports-color@7.2.0 OK for: chalk@4.1.2 wan[#######...........] / idealTree:chalk: sill placeDep node_modules/@sanity/cli supports-color@7.2.0 OK for: chalk@4.1.2 wan[#######...........] - idealTree:chalk: sill placeDep node_modules/@sanity/cli supports-color@7.2.0 OK for: chalk@4.1.2 wan[#######...........] / idealTree:chalk: sill placeDep node_modules/@sanity/cli supports-color@7.2.0 OK for: chalk@4.1.2 wan[#######...........] / idealTree:chalk: sill placeDep node_modules/@sanity/cli supports-color@7.2.0 OK for: chalk@4.1.2 wan[#######...........] / idealTree:chalk: sill placeDep node_modules/@sanity/cli supports-color@7.2.0 OK for: chalk@4.1.2 wan[#######...........] / idealTree:chalk: sill placeDep node_modules/@sanity/cli supports-color@7.2.0 OK for: chalk@4.1.2 wan[#######...........] / idealTree:chalk: sill placeDep node_modules/@sanity/cli supports-color@7.2.0 OK for: chalk@4.1.2 wan[#######...........] / idealTree:chalk: sill placeDep node_modules/@sanity/cli supports-color@7.2.0 OK for: chalk@4.1.2 wan[#######...........] / idealTree:chalk: sill placeDep node_modules/@sanity/cli supports-color@7.2.0 OK for: chalk@4.1.2 wan[#######...........] / idealTree:chalk: sill placeDep node_modules/@sanity/cli supports-color@7.2.0 OK for: chalk@4.1.2 wan[#######...........] / idealTree:chalk: sill placeDep node_modules/@sanity/cli supports-color@7.2.0 OK for: chalk@4.1.2 wan[#######...........] / idealTree:chalk: sill placeDep node_modules/@sanity/cli supports-color@7.2.0 OK for: chalk@4.1.2 wan[#######...........] / idealTree:chalk: sill placeDep node_modules/@sanity/cli supports-color@7.2.0 OK for: chalk@4.1.2 wan[#######...........] / idealTree:chalk: sill placeDep node_modules/@sanity/cli supports-color@7.2.0 OK for: chalk@4.1.2 wan[#######...........] / idealTree:chalk: sill placeDep node_modules/@sanity/cli supports-color@7.2.0 OK for: chalk@4.1.2 wan[#######...........] / idealTree:chalk: sill placeDep node_modules/@sanity/cli supports-color@7.2.0 OK for: chalk@4.1.2 wan[#######...........] - idealTree:js-yaml: sill placeDep node_modules/@sanity/cli esprima@4.0.1 OK for: js-yaml@3.13.1 want:[#######...........] - idealTree:js-yaml: sill placeDep node_modules/@sanity/cli esprima@4.0.1 OK for: js-yaml@3.13.1 want:[#######...........] - idealTree:js-yaml: sill placeDep node_modules/@sanity/cli esprima@4.0.1 OK for: js-yaml@3.13.1 want:[#######...........] - idealTree:js-yaml: sill placeDep node_modules/@sanity/cli esprima@4.0.1 OK for: js-yaml@3.13.1 want:[#######...........] - idealTree:js-yaml: sill placeDep node_modules/@sanity/cli esprima@4.0.1 OK for: js-yaml@3.13.1 want:[#######...........] - idealTree:minimatch: sill placeDep node_modules/@sanity/cli brace-expansion@1.1.11 OK for: minimatch[#######...........] - idealTree:minimatch: sill placeDep node_modules/@sanity/cli brace-expansion@1.1.11 OK for: minimatch[#######...........] - idealTree:minimatch: sill placeDep node_modules/@sanity/cli brace-expansion@1.1.11 OK for: minimatch[#######...........] - idealTree:minimatch: sill placeDep node_modules/@sanity/cli brace-expansion@1.1.11 OK for: minimatch[#######...........] - idealTree:minimatch: sill placeDep node_modules/@sanity/cli brace-expansion@1.1.11 OK for: minimatch[#######...........] - idealTree:minimatch: sill placeDep node_modules/@sanity/cli brace-expansion@1.1.11 OK for: minimatch[#######...........] - idealTree:minimatch: sill placeDep node_modules/@sanity/cli brace-expansion@1.1.11 OK for: minimatch[#######...........] - idealTree:minimatch: sill placeDep node_modules/@sanity/cli brace-expansion@1.1.11 OK for: minimatch[#######...........] - idealTree:minimatch: sill placeDep node_modules/@sanity/cli brace-expansion@1.1.11 OK for: minimatch[#######...........] - idealTree:minimatch: sill placeDep node_modules/@sanity/cli brace-expansion@1.1.11 OK for: minimatch[#######...........] | idealTree:minimatch: sill placeDep node_modules/@sanity/cli brace-expansion@1.1.11 OK for: minimatch[#######...........] | idealTree:minimatch: sill placeDep node_modules/@sanity/cli brace-expansion@1.1.11 OK for: minimatch[#######...........] | idealTree:minimatch: sill placeDep node_modules/@sanity/cli brace-expansion@1.1.11 OK for: minimatch[#######...........] | idealTree:minimatch: sill placeDep node_modules/@sanity/cli brace-expansion@1.1.11 OK for: minimatch[#######...........] | idealTree:minimatch: sill placeDep node_modules/@sanity/cli brace-expansion@1.1.11 OK for: minimatch[#######...........] | idealTree:minimatch: sill placeDep node_modules/@sanity/cli brace-expansion@1.1.11 OK for: minimatch[#######...........] | idealTree:minimatch: sill placeDep node_modules/@sanity/cli brace-expansion@1.1.11 OK for: minimatch[#######...........] | idealTree:minimatch: sill placeDep node_modules/@sanity/cli brace-expansion@1.1.11 OK for: minimatch[#######...........] | idealTree:minimatch: sill placeDep node_modules/@sanity/cli brace-expansion@1.1.11 OK for: minimatch[#######...........] | idealTree:minimatch: sill placeDep node_modules/@sanity/cli brace-expansion@1.1.11 OK for: minimatch[#######...........] | idealTree:minimatch: sill placeDep node_modules/@sanity/cli brace-expansion@1.1.11 OK for: minimatch[#######...........] | idealTree:minimatch: sill placeDep node_modules/@sanity/cli brace-expansion@1.1.11 OK for: minimatch[#######...........] | idealTree:minimatch: sill placeDep node_modules/@sanity/cli brace-expansion@1.1.11 OK for: minimatch[#######...........] | idealTree:minimatch: sill placeDep node_modules/@sanity/cli brace-expansion@1.1.11 OK for: minimatch[#######...........] | idealTree:minimatch: sill placeDep node_modules/@sanity/cli brace-expansion@1.1.11 OK for: minimatch[#######...........] | idealTree:minimatch: sill placeDep node_modules/@sanity/cli brace-expansion@1.1.11 OK for: minimatch[#######...........] | idealTree:minimatch: sill placeDep node_modules/@sanity/cli brace-expansion@1.1.11 OK for: minimatch[#######...........] | idealTree:minimatch: sill placeDep node_modules/@sanity/cli brace-expansion@1.1.11 OK for: minimatch[#######...........] | idealTree:minimatch: sill placeDep node_modules/@sanity/cli brace-expansion@1.1.11 OK for: minimatch[#######...........] | idealTree:minimatch: sill placeDep node_modules/@sanity/cli brace-expansion@1.1.11 OK for: minimatch[###########.......] \ reify:@esbuild/android-arm: timing reifyNode:node_modules/@sanity/cli/node_modules/@esbuild/android-[###########.......] \ reify:@esbuild/android-arm: timing reifyNode:node_modules/@sanity/cli/node_modules/@esbuild/android-[###########.......] \ reify:@esbuild/android-arm: timing reifyNode:node_modules/@sanity/cli/node_modules/@esbuild/android-[###########.......] \ reify:@esbuild/android-arm: timing reifyNode:node_modules/@sanity/cli/node_modules/@esbuild/android-[###########.......] \ reify:@esbuild/android-arm: timing reifyNode:node_modules/@sanity/cli/node_modules/@esbuild/android-[###########.......] \ reify:@esbuild/android-arm: timing reifyNode:node_modules/@sanity/cli/node_modules/@esbuild/android-[###########.......] \ reify:@esbuild/android-arm: timing reifyNode:node_modules/@sanity/cli/node_modules/@esbuild/android-[###########.......] \ reify:@esbuild/android-arm: timing reifyNode:node_modules/@sanity/cli/node_modules/@esbuild/android-[###########.......] \ reify:@esbuild/android-arm: timing reifyNode:node_modules/@sanity/cli/node_modules/@esbuild/android-[###########.......] \ reify:@esbuild/android-arm: timing reifyNode:node_modules/@sanity/cli/node_modules/@esbuild/android-[############......] - reify:core-util-is: timing reifyNode:node_modules/@sanity/cli/node_modules/tunnel-agent Completed in[#############.....] - reify:@babel/helper-split-export-declaration: timing reifyNode:node_modules/@sanity/cli/node_modules[##############....] \ reify:from2: timing reifyNode:node_modules/@sanity/cli/node_modules/util-deprecate Completed in 1231[###############...] \ reify:color-convert: timing reifyNode:node_modules/@sanity/cli/node_modules/progress-stream Complete[################..] | reify:@babel/helper-validator-identifier: timing reifyNode:node_modules/@sanity/cli/node_modules/@jr[################..] / reify:@vercel/error-utils: timing reifyNode:node_modules/@sanity/cli/node_modules/esprima Completed 
[################..] \ reify:sprintf-js: timing reifyNode:node_modules/@sanity/cli/node_modules/@vercel/routing-utils Compl[#################.] / reify:path-to-regexp: timing reifyNode:node_modules/@sanity/cli/node_modules/golden-fleece Completed[#################.] \ reify:readable-stream: timing reifyNode:node_modules/@sanity/cli/node_modules/json5 Completed in 155[#################.] | reify:argparse: timing reifyNode:node_modules/@sanity/cli/node_modules/readable-stream Completed in 
[#################.] \ reify:@babel/generator: timing reifyNode:node_modules/@sanity/cli/node_modules/js-yaml Completed in 
[#################.] / reify:uri-js: timing reifyNode:node_modules/@sanity/cli/node_modules/@vercel/fs-detectors Completed 
[##################] - reify:@babel/traverse: timing reifyNode:node_modules/@sanity/cli/node_modules/uri-js Completed in 17[##################] - reify:@babel/traverse: timing reifyNode:node_modules/@sanity/cli/node_modules/uri-js Completed in 17[##################] \ reify:get-it: timing reifyNode:node_modules/@sanity/cli/node_modules/@babel/traverse Completed in 18[##################] / reify:ajv: timing reifyNode:node_modules/@sanity/cli/node_modules/@esbuild/win32-x64 Completed in 19[##################] / reify:ajv: timing reifyNode:node_modules/@sanity/cli/node_modules/@esbuild/win32-x64 Completed in 19[##################] / reify:ajv: timing reifyNode:node_modules/@sanity/cli/node_modules/@esbuild/win32-x64 Completed in 19[##################] \ reify:@babel/types: timing reifyNode:node_modules/@sanity/cli/node_modules/@babel/parser Completed i[##################] \ reify:@babel/types: timing reifyNode:node_modules/@sanity/cli/node_modules/@babel/parser Completed i[##################] \ reify:@babel/types: timing reifyNode:node_modules/@sanity/cli/node_modules/@babel/parser Completed i[##################] \ reify:@babel/types: timing reifyNode:node_modules/@sanity/cli/node_modules/@babel/parser Completed i[##################] \ reify:@babel/types: timing reifyNode:node_modules/@sanity/cli/node_modules/@babel/parser Completed i[##################] \ reify:@babel/types: timing reifyNode:node_modules/@sanity/cli/node_modules/@babel/parser Completed i[##################] \ reify:@babel/types: timing reifyNode:node_modules/@sanity/cli/node_modules/@babel/parser Completed i[##################] \ reify:@babel/types: timing reifyNode:node_modules/@sanity/cli/node_modules/@babel/parser Completed i[##################] \ reify:@babel/types: timing reifyNode:node_modules/@sanity/cli/node_modules/@babel/parser Completed i[##################] \ reify:@babel/types: timing reifyNode:node_modules/@sanity/cli/node_modules/@babel/parser Completed i[##################] \ reify:@babel/types: timing reifyNode:node_modules/@sanity/cli/node_modules/@babel/parser Completed i[##################] \ reify:@babel/types: timing reifyNode:node_modules/@sanity/cli/node_modules/@babel/parser Completed i[##################] - reify:@sanity/cli: timing reifyNode:node_modules/@sanity/cli/node_modules/@babel/types Completed in 
[##################] - reify:@sanity/cli: timing reifyNode:node_modules/@sanity/cli/node_modules/@babel/types Completed in 
[##################] - reify:@sanity/cli: timing reifyNode:node_modules/@sanity/cli/node_modules/@babel/types Completed in 
[##################] - reify:@sanity/cli: timing reifyNode:node_modules/@sanity/cli/node_modules/@babel/types Completed in 
[##################] - reify:@sanity/cli: timing reifyNode:node_modules/@sanity/cli/node_modules/@babel/types Completed in 
[##################] - reify:@sanity/cli: timing reifyNode:node_modules/@sanity/cli/node_modules/@babel/types Completed in 
[##################] - reify:@sanity/cli: timing reifyNode:node_modules/@sanity/cli/node_modules/@babel/types Completed in 
[##################] - reify:@sanity/cli: timing reifyNode:node_modules/@sanity/cli/node_modules/@babel/types Completed in 
[##################] - reify:@sanity/cli: timing reifyNode:node_modules/@sanity/cli/node_modules/@babel/types Completed in 
[##################] - reify:@sanity/cli: timing reifyNode:node_modules/@sanity/cli/node_modules/@babel/types Completed in 
[##################] - reify:@sanity/cli: timing reifyNode:node_modules/@sanity/cli/node_modules/@babel/types Completed in 
[##################] - reify:@sanity/cli: timing reifyNode:node_modules/@sanity/cli/node_modules/@babel/types Completed in 
[##################] - reify:@sanity/cli: timing reifyNode:node_modules/@sanity/cli/node_modules/@babel/types Completed in 
[##################] - reify:@sanity/cli: timing reifyNode:node_modules/@sanity/cli/node_modules/@babel/types Completed in 
[##################] - reify:@sanity/cli: timing reifyNode:node_modules/@sanity/cli/node_modules/@babel/types Completed in 
[##################] - reify:@sanity/cli: timing reifyNode:node_modules/@sanity/cli/node_modules/@babel/types Completed in 
[##################] - reify:@sanity/cli: timing reifyNode:node_modules/@sanity/cli/node_modules/@babel/types Completed in 
[##################] - reify:@sanity/cli: timing reifyNode:node_modules/@sanity/cli/node_modules/@babel/types Completed in 
[##################] - reify:@sanity/cli: timing reifyNode:node_modules/@sanity/cli/node_modules/@babel/types Completed in 
[##################] - reify:@sanity/cli: timing reifyNode:node_modules/@sanity/cli/node_modules/@babel/types Completed in 
[##################] - reify:@sanity/cli: timing reifyNode:node_modules/@sanity/cli/node_modules/@babel/types Completed in 
[##################] - reify:@sanity/cli: timing reifyNode:node_modules/@sanity/cli/node_modules/@babel/types Completed in 
[##################] | reify:@sanity/cli: timing reifyNode:node_modules/@sanity/cli/node_modules/@babel/types Completed in 
[##################] | reify:@sanity/cli: timing reifyNode:node_modules/@sanity/cli/node_modules/@babel/types Completed in 
[##################] | reify:@sanity/cli: timing reifyNode:node_modules/@sanity/cli/node_modules/@babel/types Completed in 
[##################] | reify:@sanity/cli: timing reifyNode:node_modules/@sanity/cli/node_modules/@babel/types Completed in 
[##################] | reify:@sanity/cli: timing reifyNode:node_modules/@sanity/cli/node_modules/@babel/types Completed in 
[##################] | reify:@sanity/cli: timing reifyNode:node_modules/@sanity/cli/node_modules/@babel/types Completed in 
[##################] | reify:@sanity/cli: timing reifyNode:node_modules/@sanity/cli/node_modules/@babel/types Completed in 
[##################] | reify:@sanity/cli: timing reifyNode:node_modules/@sanity/cli/node_modules/@babel/types Completed in 
[##################] | reify:@sanity/cli: timing reifyNode:node_modules/@sanity/cli/node_modules/@babel/types Completed in 

changed 105 packages in 21s

15 packages are looking for funding
  run `npm fund` for details

C:\Users\missi\Desktop\shareme\server>sanity init --project-plan boosted-free-2021-12-08
╭────────────────────────────────────────────────────────────╮
│                                                            │
│  Welcome to Sanity! It looks like you're following         │
│  instructions for Sanity Studio v2, but the version you    │
│  have installed is the latest - Sanity Studio v3.          │
│                                                            │
│  In Sanity Studio v3, new projects are created by running  │
│  [npm create sanity@latest]. For more information, see     │
│   https://www.sanity.io/help/studio-v2-vs-v3               │
│                                                            │
╰────────────────────────────────────────────────────────────╯

? Continue creating a Sanity Studio v3 project? Yes
You're setting up a new project!
We'll make sure you have an account with Sanity.io. Then we'll
install an open-source JS content editor that connects to
the real-time hosted API on Sanity.io. Hang on.

Press ctrl + C at any time to quit.

Prefer web interfaces to terminals?
You can also set up best practice Sanity projects with
your favorite frontends on https://www.sanity.io/templates

Looks like you already have a Sanity-account. Sweet!

✔ Fetching existing projects
? Select project to use Create new project
? Your project name: My Sanity Project
Your content will be stored in a dataset that can be public or private, depending on
whether you want to query your content with or without authentication.
The default dataset configuration has a public dataset named "production".
? Use the default dataset configuration? Yes
✔ Creating dataset
? Project output path: C:\Users\missi\Desktop\shareme\server
? Select project template Clean project with no predefined schemas
? Do you want to use TypeScript? Yes
✔ Bootstrapping files from template
✔ Resolving latest module versions
✔ Creating default project files
? Package manager to use for installing dependencies? npm
Running 'npm install --legacy-peer-deps'

added 879 packages, and audited 880 packages in 4m

146 packages are looking for funding
  run `npm fund` for details

4 moderate severity vulnerabilities

To address all issues (including breaking changes), run:
  npm audit fix --force

Run `npm audit` for details.

Success! Now, use this command to continue:

npm run dev - to run Sanity Studio

╭────────────────────────────────────────────────────────────╮
│                                                            │
│  To learn how commands have changed from Studio v2 to v3,  │
│  see https://www.sanity.io/help/studio-v2-vs-v3            │
│                                                            │
╰────────────────────────────────────────────────────────────╯


C:\Users\missi\Desktop\shareme\server>npm run dev

> my-sanity-project@1.0.0 dev
> sanity dev

✔ Checking configuration files...
Sanity Studio using vite@4.4.4 ready in 4707ms and running at http://localhost:3333/


= 

C:\Users\missi\Desktop\shareme\client>npx create-react-app@next --scripts-version=@next --template=cra-template@next ./
Need to install the following packages:
  create-react-app@5.1.0-next.14
Ok to proceed? (y) y
npm WARN deprecated tar@2.2.2: This version of tar is no longer supported, and will not receive security updates. Please upgrade asap.

Creating a new React app in C:\Users\missi\Desktop\shareme\client.

Installing packages. This might take a couple of minutes.
Installing react, react-dom, and react-scripts with cra-template...


added 1424 packages in 4m

229 packages are looking for funding
  run `npm fund` for details

  name: PixeLane
"PixeLane" combines "Pix" (short for pictures) with "Lane," implying a visually captivating journey or pathway for photo exploration. It has a modern and distinctive feel, making it memorable and appealing to potential users.